// Jest Snapshot v1, https://goo.gl/fbAQLP

exports[`testing buildChartOption() buildChartOption() work fine: buildChartOption() work fine 1 1`] = `
Object {
  "color": Array [
    "#FF7C7C",
    "#ADD4EF",
    "#BFDAA7",
    "#FCAC65",
    "#C6C1D2",
    "#7598E4",
    "#CF6D6C",
    "#4979CF",
    "#E1934B",
    "#829649",
    "#7D70AC",
    "#2559B7",
  ],
  "grid": Object {
    "bottom": 45,
    "containLabel": true,
    "left": 20,
    "right": 20,
    "top": 110,
    "x": 30,
    "x2": 30,
  },
  "legend": Object {
    "bottom": "auto",
    "data": undefined,
    "fontSize": 12,
    "formatter": [Function],
    "icon": "circle",
    "itemHeight": 10,
    "itemWidth": 10,
    "left": "center",
    "orient": "horizontal",
    "padding": Array [
      5,
      5,
    ],
    "position": "bottom",
    "selectedMode": false,
    "show": true,
    "textStyle": Object {
      "padding": Array [
        2,
        0,
        0,
        0,
      ],
    },
    "top": 60,
    "type": "scroll",
  },
  "series": null,
  "textStyle": Object {},
  "title": Object {
    "left": 24,
    "show": true,
    "text": "",
    "textAlign": "left",
    "textStyle": Object {
      "color": "rgba(0,0,0,0.65)",
      "fontSize": 16,
      "lineHeight": 1,
    },
    "top": 30,
  },
  "toolbox": Object {
    "show": false,
  },
  "tooltip": Object {
    "backgroundColor": "rgba(255,255,255,0.9)",
    "extraCssText": "box-shadow:  0px 0px 4px 0px rgba(0,0,0,0.25); border-radius: 2px; padding:10px 14px",
    "formatter": [Function],
    "show": true,
    "trigger": "axis",
  },
  "xAxis": Object {
    "axisLabel": Object {
      "align": "right",
      "rotate": 45,
      "textStyle": Object {
        "color": "#8C8C8C",
      },
    },
    "axisLine": Object {
      "lineStyle": Object {
        "color": "#D9D9D9",
      },
      "show": true,
    },
    "axisTick": Object {
      "lineStyle": Object {},
      "show": true,
    },
    "data": Array [],
    "offset": 0,
    "splitLine": Object {
      "lineStyle": Object {},
      "show": false,
    },
    "type": "category",
  },
  "yAxis": Array [
    Object {
      "axisLabel": Object {
        "textStyle": Object {
          "color": "#8C8C8C",
        },
      },
      "axisLine": Object {
        "lineStyle": Object {
          "color": "#D9D9D9",
        },
        "show": false,
      },
      "axisTick": Object {
        "lineStyle": Object {},
        "show": false,
      },
      "name": "",
      "show": true,
      "splitLine": Object {
        "lineStyle": Object {
          "color": "#E7EAEF",
          "type": "dashed",
        },
        "show": true,
      },
      "type": "value",
    },
    Object {
      "axisLabel": Object {
        "textStyle": Object {
          "color": "#8C8C8C",
        },
      },
      "axisLine": Object {
        "lineStyle": Object {
          "color": "#D9D9D9",
        },
        "show": false,
      },
      "axisTick": Object {
        "lineStyle": Object {},
        "show": false,
      },
      "name": "",
      "show": false,
      "splitLine": Object {
        "lineStyle": Object {},
        "show": false,
      },
      "type": "value",
    },
  ],
}
`;

exports[`testing buildChartOption() buildChartOption() works fine: buildChartOption() work fine 1 1`] = `
Object {
  "color": Array [
    "#FF7C7C",
    "#ADD4EF",
    "#BFDAA7",
    "#FCAC65",
    "#C6C1D2",
    "#7598E4",
    "#CF6D6C",
    "#4979CF",
    "#E1934B",
    "#829649",
    "#7D70AC",
    "#2559B7",
  ],
  "grid": Object {
    "bottom": 45,
    "containLabel": true,
    "left": 20,
    "right": 20,
    "top": 110,
    "x": 30,
    "x2": 30,
  },
  "legend": Object {
    "bottom": "auto",
    "data": undefined,
    "fontSize": 12,
    "formatter": [Function],
    "icon": "circle",
    "itemHeight": 10,
    "itemWidth": 10,
    "left": "center",
    "orient": "horizontal",
    "padding": Array [
      5,
      5,
    ],
    "position": "bottom",
    "selectedMode": false,
    "show": true,
    "textStyle": Object {
      "padding": Array [
        2,
        0,
        0,
        0,
      ],
    },
    "top": 60,
    "type": "scroll",
  },
  "series": null,
  "textStyle": Object {},
  "title": Object {
    "left": 24,
    "show": true,
    "text": "",
    "textAlign": "left",
    "textStyle": Object {
      "color": "rgba(0,0,0,0.65)",
      "fontSize": 16,
      "lineHeight": 1,
    },
    "top": 30,
  },
  "toolbox": Object {
    "show": false,
  },
  "tooltip": Object {
    "backgroundColor": "rgba(255,255,255,0.9)",
    "extraCssText": "box-shadow:  0px 0px 4px 0px rgba(0,0,0,0.25); border-radius: 2px; padding:10px 14px",
    "formatter": [Function],
    "show": true,
    "trigger": "axis",
  },
  "xAxis": Object {
    "axisLabel": Object {
      "align": "right",
      "rotate": 45,
      "textStyle": Object {
        "color": "#8C8C8C",
      },
    },
    "axisLine": Object {
      "lineStyle": Object {
        "color": "#D9D9D9",
      },
      "show": true,
    },
    "axisTick": Object {
      "lineStyle": Object {},
      "show": true,
    },
    "data": Array [],
    "offset": 0,
    "splitLine": Object {
      "lineStyle": Object {},
      "show": false,
    },
    "type": "category",
  },
  "yAxis": Array [
    Object {
      "axisLabel": Object {
        "textStyle": Object {
          "color": "#8C8C8C",
        },
      },
      "axisLine": Object {
        "lineStyle": Object {
          "color": "#D9D9D9",
        },
        "show": false,
      },
      "axisTick": Object {
        "lineStyle": Object {},
        "show": false,
      },
      "name": "",
      "show": true,
      "splitLine": Object {
        "lineStyle": Object {
          "color": "#E7EAEF",
          "type": "dashed",
        },
        "show": true,
      },
      "type": "value",
    },
    Object {
      "axisLabel": Object {
        "textStyle": Object {
          "color": "#8C8C8C",
        },
      },
      "axisLine": Object {
        "lineStyle": Object {
          "color": "#D9D9D9",
        },
        "show": false,
      },
      "axisTick": Object {
        "lineStyle": Object {},
        "show": false,
      },
      "name": "",
      "show": false,
      "splitLine": Object {
        "lineStyle": Object {},
        "show": false,
      },
      "type": "value",
    },
  ],
}
`;
